
> sigma-taekwondo-v2@0.1.0 build
> next build

Γû▓ Next.js 16.1.6 (Turbopack)
- Environments: .env

  Creating an optimized production build ...
node.exe : 
At C:\Program Files\nod
ejs\npm.ps1:29 char:3
+   & $NODE_EXE 
$NPM_CLI_JS $args
+   ~~~~~~~~~~~~~~~~~~~
~~~~~~~~~~
    + CategoryInfo     
         : NotSpecifi  
  ed: (:String) [],    
 RemoteException
    + FullyQualifiedEr 
   rorId : NativeComm  
  andError
 
> Build error occurred
Error: Turbopack build 
failed with 1 errors:
./src/proxy.ts
Proxy is missing 
expected function 
export name
This function is what 
Next.js runs for every 
request handled by 
this proxy (previously 
called middleware).

Why this happens:
- You are migrating 
from `middleware` to 
`proxy`, but haven't 
updated the exported 
function.
- The file exists but 
doesn't export a 
function.
- The export is not a 
function (e.g., an 
object or constant).
- There's a syntax 
error preventing the 
export from being 
recognized.

To fix it:
- Ensure this file has 
either a default or 
"proxy" function 
export.

Learn more: https://nex
tjs.org/docs/messages/m
iddleware-to-proxy


    at ignore-listed 
frames
